#-----------------------------------------------------------
# Vivado v2020.2 (64-bit)
# SW Build 3064766 on Wed Nov 18 09:12:45 MST 2020
# IP Build 3064653 on Wed Nov 18 14:17:31 MST 2020
# Start of session at: Wed Dec  6 18:22:36 2023
# Process ID: 17356
# Current directory: C:/Users/rlatk/OneDrive - SNU/Study/SNU 2-2/Digital Logic Design and Lab/final_project
# Command line: vivado.exe -gui_launcher_event rodinguilauncherevent12700 C:\Users\rlatk\OneDrive - SNU\Study\SNU 2-2\Digital Logic Design and Lab\final_project\final_project.xpr
# Log file: C:/Users/rlatk/OneDrive - SNU/Study/SNU 2-2/Digital Logic Design and Lab/final_project/vivado.log
# Journal file: C:/Users/rlatk/OneDrive - SNU/Study/SNU 2-2/Digital Logic Design and Lab/final_project\vivado.jou
#-----------------------------------------------------------
start_gui
open_project {C:/Users/rlatk/OneDrive - SNU/Study/SNU 2-2/Digital Logic Design and Lab/final_project/final_project.xpr}
update_compile_order -fileset sources_1
launch_simulation
open_wave_config {C:/Users/rlatk/OneDrive - SNU/Study/SNU 2-2/Digital Logic Design and Lab/final_project/tb_gaussian_behav.wcfg}
source tb_gaussian.tcl
run 120 us
run 120 us
run 120 ms
relaunch_sim
run 120 ms
relaunch_sim
run 120 ms
relaunch_sim
run 120 us
run 120 ms
relaunch_sim
run 120 ms
current_wave_config {tb_gaussian_behav.wcfg}
add_wave {{/tb_gaussian/fo_idx}} 
relaunch_sim
run 120 ms
relaunch_sim
run 120 us
run 120 us
run 120 us
relaunch_sim
run 120 us
run 120 us
run 120 us
run 120 ms
relaunch_sim
run 120 us
run 120 us
run 120 us
run 120 us
run 120 us
run 120 us
relaunch_sim
run 120 us
run 120 us
run 120 us
run 120 us
run 120 ms
relaunch_sim
run 120 ms
relaunch_sim
run 120 ms
relaunch_sim
run 120 ms
relaunch_sim
run 120 ms
relaunch_sim
run 120 ms
relaunch_sim
run 120 ms
relaunch_sim
run 120 ms
current_wave_config {tb_gaussian_behav.wcfg}
add_wave {{/tb_gaussian/valid_delay}} 
relaunch_sim
relaunch_sim
run 120 ms
relaunch_sim
run 120 ms
relaunch_sim
relaunch_sim
run 120 ms
relaunch_sim
relaunch_sim
run 120 ms
relaunch_sim
run 120 ms
relaunch_sim
run 120 ms
relaunch_sim
run 120 ms
relaunch_sim
run 120 ms
relaunch_sim
run 120 ms
relaunch_sim
run 120 ms
relaunch_sim
relaunch_sim
run 120 ms
save_wave_config {C:/Users/rlatk/OneDrive - SNU/Study/SNU 2-2/Digital Logic Design and Lab/final_project/tb_gaussian_behav.wcfg}
close_sim
